2026-08-11 18:53:57,229 - INFO - patching driver executable C:\Users\yagam\appdata\roaming\undetected_chromedriver\undetected_chromedriver.exe
2026-08-11 18:54:00,902 - INFO - ============================================================
2026-08-11 18:54:00,902 - INFO - XbookCn Novel Crawler
2026-08-11 18:54:00,902 - INFO - ============================================================
2026-08-11 18:54:01,407 - INFO - 已存在 0 部小说，跳过爬取
2026-08-11 18:54:01,408 - INFO - 
==================================================
2026-08-11 18:54:01,408 - INFO - Category: 通俗小说
2026-08-11 18:54:01,409 - INFO - ==================================================
2026-08-11 18:54:01,409 - INFO - [Category] 通俗小说: https://book.xbookcn.net/p/popular.html
2026-08-11 18:54:11,610 - INFO -   Cloudflare challenge detected, waiting... (attempt 1)
2026-08-11 18:54:16,643 - INFO -   Found 36 novels in 通俗小说
2026-08-11 18:54:16,643 - INFO - 
  [1/36] 梦中的女孩
2026-08-11 18:54:16,643 - INFO -   [Crawl] 梦中的女孩: https://book.xbookcn.net/search/label/%E6%A2%A6%E4%B8%AD%E7%9A%84%E5%A5%B3%E5%AD%A9
2026-08-11 18:54:20,828 - INFO -     Next page 2
2026-08-11 18:54:27,014 - INFO -     Found 18 chapters
2026-08-11 18:54:27,014 - INFO -     Chapter 1/18: 梦中的女孩 内容简介
2026-08-11 18:54:32,922 - INFO -     Chapter 2/18: 梦中的女孩 第一章
2026-08-11 18:54:38,114 - INFO -     Chapter 3/18: 梦中的女孩 第二章
2026-08-11 18:54:43,790 - INFO -     Chapter 4/18: 梦中的女孩 第三章
2026-08-11 18:54:49,719 - INFO -     Chapter 5/18: 梦中的女孩 第四章
2026-08-11 18:54:55,357 - INFO -     Chapter 6/18: 梦中的女孩 第五章
2026-08-11 18:55:01,859 - INFO -     Chapter 7/18: 梦中的女孩 第六章
2026-08-11 18:55:06,840 - INFO -     Chapter 8/18: 梦中的女孩 第七章
2026-08-11 18:55:13,187 - INFO -     Chapter 9/18: 梦中的女孩 第八章
2026-08-11 18:55:21,374 - INFO -     Chapter 10/18: 梦中的女孩 第九章
2026-08-11 18:55:27,613 - INFO -     Chapter 11/18: 梦中的女孩 第十章
2026-08-11 18:55:33,833 - INFO -     Chapter 12/18: 梦中的女孩 第十一章
2026-08-11 18:55:42,253 - INFO -     Chapter 13/18: 梦中的女孩 第十二章
2026-08-11 18:55:48,895 - INFO -     Chapter 14/18: 梦中的女孩 第十三章
2026-08-11 18:55:54,782 - INFO -     Chapter 15/18: 梦中的女孩 第十四章
2026-08-11 18:56:00,017 - INFO -     Chapter 16/18: 梦中的女孩 第十五章
2026-08-11 18:56:05,451 - INFO -     Chapter 17/18: 梦中的女孩 第十六章
2026-08-11 18:56:11,625 - INFO -     Chapter 18/18: 梦中的女孩 第十七章
2026-08-11 18:56:26,480 - INFO -     Saved: 梦中的女孩 (18 chapters)
2026-08-11 18:56:29,672 - INFO - 
  [2/36] 舌战法庭
2026-08-11 18:56:29,673 - INFO -   [Crawl] 舌战法庭: https://book.xbookcn.net/search/label/%E8%88%8C%E6%88%98%E6%B3%95%E5%BA%AD
2026-08-11 18:56:33,372 - INFO -     Next page 2
2026-08-11 18:56:38,590 - INFO -     Found 8 chapters
2026-08-11 18:56:38,591 - INFO -     Chapter 1/8: 舌战法庭 内容简介
2026-08-11 18:56:52,198 - INFO -     Chapter 2/8: 舌战法庭 第一章
2026-08-11 18:56:59,171 - INFO -     Chapter 3/8: 舌战法庭 第二章
2026-08-11 18:57:05,080 - INFO -     Chapter 4/8: 舌战法庭 第三章
2026-08-11 18:57:10,103 - INFO -     Chapter 5/8: 舌战法庭 第四章
2026-08-11 18:57:15,537 - INFO -     Chapter 6/8: 舌战法庭 第五章
2026-08-11 18:57:22,565 - INFO -     Chapter 7/8: 舌战法庭 第六章
2026-08-11 18:57:28,306 - INFO -     Chapter 8/8: 舌战法庭 第七章
2026-08-11 18:57:34,123 - INFO -     Saved: 舌战法庭 (8 chapters)
2026-08-11 18:57:36,347 - INFO - 
  [3/36] 夜色下的上海滩
2026-08-11 18:57:36,348 - INFO -   [Crawl] 夜色下的上海滩: https://book.xbookcn.net/search/label/%E5%A4%9C%E8%89%B2%E4%B8%8B%E7%9A%84%E4%B8%8A%E6%B5%B7%E6%BB%A9
2026-08-11 18:57:40,130 - INFO -     Next page 2
2026-08-11 18:57:45,552 - INFO -     Found 5 chapters
2026-08-11 18:57:45,552 - INFO -     Chapter 1/5: 夜色下的上海滩 内容简介
2026-08-11 18:57:50,523 - INFO -     Chapter 2/5: 夜色下的上海滩 第一章
2026-08-11 18:57:56,371 - INFO -     Chapter 3/5: 夜色下的上海滩 第二章
2026-08-11 18:58:01,640 - INFO -     Chapter 4/5: 夜色下的上海滩 第三章
2026-08-11 18:58:07,272 - INFO -     Chapter 5/5: 夜色下的上海滩 第四章
2026-08-11 18:58:13,931 - INFO -     Saved: 夜色下的上海滩 (5 chapters)
2026-08-11 18:58:16,466 - INFO - 
  [4/36] 人在深圳
2026-08-11 18:58:16,467 - INFO -   [Crawl] 人在深圳: https://book.xbookcn.net/search/label/%E4%BA%BA%E5%9C%A8%E6%B7%B1%E5%9C%B3
2026-08-11 18:58:20,003 - INFO -     Next page 2
2026-08-11 18:58:25,513 - INFO -     Next page 3
2026-08-11 18:58:31,434 - INFO -     Found 38 chapters
2026-08-11 18:58:31,434 - INFO -     Chapter 1/38: 人在深圳 内容简介
2026-08-11 18:58:38,430 - INFO -     Chapter 2/38: 人在深圳 第一章
2026-08-11 18:58:48,095 - INFO -     Chapter 3/38: 人在深圳 第二章
2026-08-11 18:59:02,543 - INFO -     Chapter 4/38: 人在深圳 第三章
2026-08-11 18:59:11,359 - INFO -     Chapter 5/38: 人在深圳 第四章
2026-08-11 18:59:28,483 - INFO -     Chapter 6/38: 人在深圳 第五章
2026-08-11 18:59:46,966 - INFO -     Chapter 7/38: 人在深圳 第六章
2026-08-11 18:59:57,580 - INFO -     Chapter 8/38: 人在深圳 第七章
2026-08-11 19:00:29,178 - INFO -     Chapter 9/38: 人在深圳 第八章
2026-08-11 19:00:36,635 - INFO -     Chapter 10/38: 人在深圳 第九章
2026-08-11 19:00:42,071 - INFO -     Chapter 11/38: 人在深圳 第十章
2026-08-11 19:00:47,147 - INFO -     Chapter 12/38: 人在深圳 第十一章
2026-08-11 19:00:54,969 - INFO -     Chapter 13/38: 人在深圳 第十二章
2026-08-11 19:01:05,303 - INFO -     Chapter 14/38: 人在深圳 第十三章
2026-08-11 19:01:12,078 - INFO -     Chapter 15/38: 人在深圳 第十四章
2026-08-11 19:01:21,283 - INFO -     Chapter 16/38: 人在深圳 第十五章
2026-08-11 19:01:27,113 - INFO -     Chapter 17/38: 人在深圳 第十六章
2026-08-11 19:01:32,629 - INFO -     Chapter 18/38: 人在深圳 第十七章
2026-08-11 19:01:39,076 - INFO -     Chapter 19/38: 人在深圳 第十八章
2026-08-11 19:01:44,527 - INFO -     Chapter 20/38: 人在深圳 第十九章
2026-08-11 19:01:49,885 - INFO -     Chapter 21/38: 人在深圳 第二十章
2026-08-11 19:01:55,005 - INFO -     Chapter 22/38: 人在深圳 第二十一章
2026-08-11 19:02:02,100 - INFO -     Chapter 23/38: 人在深圳 第二十二章
2026-08-11 19:02:08,743 - INFO -     Chapter 24/38: 人在深圳 第二十三章
2026-08-11 19:02:14,882 - INFO -     Chapter 25/38: 人在深圳 第二十四章
2026-08-11 19:02:21,614 - INFO -     Chapter 26/38: 人在深圳 第二十五章
2026-08-11 19:02:27,408 - INFO -     Chapter 27/38: 人在深圳 第二十六章
2026-08-11 19:02:33,025 - INFO -     Chapter 28/38: 人在深圳 第二十七章
2026-08-11 19:02:38,794 - INFO -     Chapter 29/38: 人在深圳 第二十八章
2026-08-11 19:02:45,114 - INFO -     Chapter 30/38: 人在深圳 第二十九章
2026-08-11 19:02:50,879 - INFO -     Chapter 31/38: 人在深圳 第三十章
2026-08-11 19:02:57,319 - INFO -     Chapter 32/38: 人在深圳 第三十一章
2026-08-11 19:03:03,552 - INFO -     Chapter 33/38: 人在深圳 第三十二章
2026-08-11 19:03:08,614 - INFO -     Chapter 34/38: 人在深圳 第三十三章
2026-08-11 19:03:14,888 - INFO -     Chapter 35/38: 人在深圳 第三十四章
2026-08-11 19:03:21,286 - INFO -     Chapter 36/38: 人在深圳 第三十五章
2026-08-11 19:03:26,791 - INFO -     Chapter 37/38: 人在深圳 第三十六章
2026-08-11 19:03:31,841 - INFO -     Chapter 38/38: 人在深圳 第三十七章
2026-08-11 19:03:53,393 - INFO -     Saved: 人在深圳 (38 chapters)
2026-08-11 19:03:56,820 - INFO - 
  [5/36] 白领丽人
2026-08-11 19:03:56,820 - INFO -   [Crawl] 白领丽人: https://book.xbookcn.net/search/label/%E7%99%BD%E9%A2%86%E4%B8%BD%E4%BA%BA
2026-08-11 19:04:00,745 - INFO -     Next page 2
2026-08-11 19:04:06,221 - INFO -     Found 15 chapters
2026-08-11 19:04:06,222 - INFO -     Chapter 1/15: 白领丽人 内容简介
2026-08-11 19:04:12,497 - INFO -     Chapter 2/15: 白领丽人 第一章 虎落平阳被女欺
2026-08-11 19:04:18,065 - INFO -     Chapter 3/15: 白领丽人 第二章 高傲的处女座美味
2026-08-11 19:04:26,313 - INFO -     Chapter 4/15: 白领丽人 第三章 丝袜下什么都没有
2026-08-11 19:04:31,616 - INFO -     Chapter 5/15: 白领丽人 第四章 姊妹的秘密
2026-08-11 19:04:36,541 - INFO -     Chapter 6/15: 白领丽人 第五章 处子芬芳乐无穷
2026-08-11 19:04:42,417 - INFO -     Chapter 7/15: 白领丽人 第六章 吃饱的阳具
2026-08-11 19:04:47,777 - INFO -     Chapter 8/15: 白领丽人 第七章 圣姑的胯下风情
2026-08-11 19:04:53,643 - INFO -     Chapter 9/15: 白领丽人 第八章 牡丹花下幸存的鸟蛋
2026-08-11 19:04:59,487 - INFO -     Chapter 10/15: 白领丽人 第九章 愤怒的花瓶
2026-08-11 19:05:05,522 - INFO -     Chapter 11/15: 白领丽人 第十章 大屌爱干惹是非
2026-08-11 19:05:12,035 - INFO -     Chapter 12/15: 白领丽人 第十一章 男子汉屌丈夫
2026-08-11 19:05:17,850 - INFO -     Chapter 13/15: 白领丽人 第十二章 春风渡不了玉门关
2026-08-11 19:05:22,953 - INFO -     Chapter 14/15: 白领丽人 第十三章 最毒妇人心
2026-08-11 19:05:29,224 - INFO -     Chapter 15/15: 白领丽人 第十四章 大鸟鹰入狱
2026-08-11 19:05:37,946 - INFO -     Saved: 白领丽人 (15 chapters)
2026-08-11 19:05:40,223 - INFO - 
  [6/36] 绝色肉欲
2026-08-11 19:05:40,223 - INFO -   [Crawl] 绝色肉欲: https://book.xbookcn.net/search/label/%E7%BB%9D%E8%89%B2%E8%82%89%E6%AC%B2
2026-08-11 19:05:46,646 - INFO -     Next page 2
2026-08-11 19:05:51,962 - INFO -     Found 20 chapters
2026-08-11 19:05:51,962 - INFO -     Chapter 1/20: 绝色肉欲 内容简介
2026-08-11 19:05:57,414 - INFO -     Chapter 2/20: 绝色肉欲 第一章 惊艳
2026-08-11 19:06:02,505 - INFO -     Chapter 3/20: 绝色肉欲 第二章 公车上的第一次接触
2026-08-11 19:06:07,335 - INFO -     Chapter 4/20: 绝色肉欲 第三章 名片传情
2026-08-11 19:06:11,262 - INFO -   Cloudflare challenge detected, waiting... (attempt 1)
2026-08-11 19:06:17,377 - INFO -     Chapter 5/20: 绝色肉欲 第四章 公车上再度的邂逅
2026-08-11 19:06:22,465 - INFO -     Chapter 6/20: 绝色肉欲 第五章 美女的秘密
2026-08-11 19:06:28,920 - INFO -     Chapter 7/20: 绝色肉欲 第六章 朋友的美妻是补品
2026-08-11 19:06:36,703 - INFO -     Chapter 8/20: 绝色肉欲 第七章 冒名登上美女门
2026-08-11 19:06:43,918 - INFO -     Chapter 9/20: 绝色肉欲 第八章 美女妩媚动人的姐姐
2026-08-11 19:06:52,895 - INFO -     Chapter 10/20: 绝色肉欲 第九章 美女撞破了连体鸳鸯
2026-08-11 19:06:58,512 - INFO -     Chapter 11/20: 绝色肉欲 第十章 都是大阳具惹的祸
2026-08-11 19:07:04,840 - INFO -     Chapter 12/20: 绝色肉欲 第十一章 癞蛤蟆吃天鹅肉
2026-08-11 19:07:10,446 - INFO -     Chapter 13/20: 绝色肉欲 第十二章 美人看春宫
2026-08-11 19:07:16,410 - INFO -     Chapter 14/20: 绝色肉欲 第十三章 劫色封美女口
2026-08-11 19:07:21,406 - INFO -     Chapter 15/20: 绝色肉欲 第十四章 恨天怨地毛毛虫
2026-08-11 19:07:30,039 - INFO -     Chapter 16/20: 绝色肉欲 第十五章 隔岸犹唱后庭花
2026-08-11 19:07:36,313 - INFO -     Chapter 17/20: 绝色肉欲 第十六章 后庭开花花不发
2026-08-11 19:07:42,102 - INFO -     Chapter 18/20: 绝色肉欲 第十七章 现场直播的肏穴声
2026-08-11 19:07:47,851 - INFO -     Chapter 19/20: 绝色肉欲 第十八章 被肥猪下迷药的灵雨
2026-08-11 19:07:54,654 - INFO -     Chapter 20/20: 绝色肉欲 第十九章 将无人敢亵渎的美女破宫
2026-08-11 19:08:08,757 - INFO -     Saved: 绝色肉欲 (20 chapters)
2026-08-11 19:08:11,646 - INFO - 
  [7/36] 往事追忆录
2026-08-11 19:08:11,647 - INFO -   [Crawl] 往事追忆录: https://book.xbookcn.net/search/label/%E5%BE%80%E4%BA%8B%E8%BF%BD%E5%BF%86%E5%BD%95
2026-08-11 19:08:16,080 - INFO -     Next page 2
2026-08-11 19:08:21,808 - INFO -     Found 20 chapters
2026-08-11 19:08:21,808 - INFO -     Chapter 1/20: 往事追忆录 内容简介
2026-08-11 19:08:27,464 - INFO -     Chapter 2/20: 往事追忆录 第1章 当时年少青衫薄
2026-08-11 19:08:32,735 - INFO -     Chapter 3/20: 往事追忆录 第2章 似曾相识燕归来
2026-08-11 19:08:38,429 - INFO -     Chapter 4/20: 往事追忆录 第3章 不觉迷路为花开
